[floriandambrine.com/index.html]
[backblue.gif]
[fade.gif]
[index.html]
[floriandambrine.com/plugins/bootstrap/bootstrap.min.css]
[floriandambrine.com/plugins/slick/slick.css]
[floriandambrine.com/plugins/themify-icons/themify-icons.css]
[floriandambrine.com/css/style.min.css]
[floriandambrine.com/images/favicon.png]
[floriandambrine.com/images/preloader.gif]
[floriandambrine.com/en/index.html]
[floriandambrine.com/images/illustrations/leaf-bg.png]
[floriandambrine.com/images/illustrations/dots-cyan.svg]
[floriandambrine.com/images/illustrations/leaf-orange.svg]
[floriandambrine.com/about/index.html]
[floriandambrine.com/images/illustrations/dots-orange.svg]
[floriandambrine.com/images/illustrations/leaf-yellow.svg]
[floriandambrine.com/images/illustrations/leaf-cyan.svg]
[floriandambrine.com/blog/index.html]
[floriandambrine.com/images/illustrations/dots-group-orange.svg]
[floriandambrine.com/portfolio/index.html]
[floriandambrine.com/images/illustrations/leaf-pink-round.svg]
[floriandambrine.com/images/illustrations/leaf-cyan-2.svg]
[floriandambrine.com/images/experience/icon-1.png]
[floriandambrine.com/images/experience/icon-3.png]
[floriandambrine.com/images/backgrounds/education-bg.png]
[floriandambrine.com/contact/index.html]
[floriandambrine.com/images/portfolio/pritunl.png]
[floriandambrine.com/images/portfolio/tiad2.jpg]
[floriandambrine.com/images/portfolio/docker.png]
[floriandambrine.com/images/portfolio/vault.png]
[floriandambrine.com/fr/index.html]
[floriandambrine.com/images/portfolio/ansible-meetup.png]
[floriandambrine.com/images/portfolio/cassandra.png]
[floriandambrine.com/images/portfolio/fluentd.png]
[floriandambrine.com/images/portfolio/wordle.png]
[floriandambrine.com/images/portfolio/icinga.png]
[floriandambrine.com/portfolio/2016-11-pritunl-multiregion-peering/index.html]
[floriandambrine.com/images/blog/ops-talks.png]
[floriandambrine.com/images/blog/karrot-lag-reporting.png]
[floriandambrine.com/plugins/jQuery/jquery.min.js]
[floriandambrine.com/plugins/bootstrap/bootstrap.min.js]
[floriandambrine.com/portfolio/2016-10-tiad-speaker/index.html]
[floriandambrine.com/plugins/slick/slick.min.js]
[floriandambrine.com/plugins/shuffle/shuffle.min.js]
[floriandambrine.com/plugins/google-map/map.js]
[floriandambrine.com/portfolio/2016-03-ansible-continuous-integration/index.html]
[floriandambrine.com/js/script.min.js]
[floriandambrine.com/index.html]
[floriandambrine.com/plugins/bootstrap/bootstrap.min.css]
[floriandambrine.com/plugins/slick/slick.css]
[floriandambrine.com/portfolio/2015-07-ansible-meetup/index.html]
[floriandambrine.com/portfolio/2015-07-cassandra-multiregion/index.html]
[floriandambrine.com/portfolio/2015-12-ansible-security-with-vault/index.html]
[floriandambrine.com/portfolio/2015-03-fluentd-realtime/index.html]
[floriandambrine.com/portfolio/2015-01-blog-v2/index.html]
[floriandambrine.com/plugins/themify-icons/fonts/themify9f24.eot]
[floriandambrine.com/plugins/themify-icons/fonts/themifyd41d.eot]
[floriandambrine.com/portfolio/2014-10-icinga2/index.html]
[floriandambrine.com/plugins/themify-icons/fonts/themify9f24.woff]
[floriandambrine.com/blog/2020-09-14-ops-talks/index.html]
[floriandambrine.com/plugins/themify-icons/fonts/themify9f24.ttf]
[floriandambrine.com/blog/2019-12-09-kafka-lag-reporting-at-scale.en-copy/index.html]
[floriandambrine.com/plugins/themify-icons/themify-icons.css]
[floriandambrine.com/plugins/themify-icons/fonts/themify9f24.svg]
[floriandambrine.com/fonts/BwNistaInt-xBd.woff]
[floriandambrine.com/css/style.min.css]
[floriandambrine.com/en/index.html]
[floriandambrine.com/images/illustrations/page-title.png]
[floriandambrine.com/images/illustrations/dots-group-sm.svg]
[floriandambrine.com/fr/about/index.html]
[floriandambrine.com/images/illustrations/dots-group-cyan.svg]
[floriandambrine.com/images/illustrations/leaf-cyan-lg.svg]
[floriandambrine.com/images/about/author.png]
[floriandambrine.com/images/about/signature.png]
[floriandambrine.com/images/icons/plan.png]
[floriandambrine.com/images/icons/design.png]
[floriandambrine.com/images/icons/print.png]
[floriandambrine.com/about/index.html]
[floriandambrine.com/blog/index.html]
[floriandambrine.com/fr/blog/index.html]
[floriandambrine.com/images/portfolio/ansible.png]
[floriandambrine.com/fr/portfolio/index.html]
[floriandambrine.com/images/portfolio/logstash.png]
[floriandambrine.com/images/portfolio/jenkins.png]
[floriandambrine.com/images/portfolio/archeo.png]
[floriandambrine.com/images/portfolio/blog.png]
[floriandambrine.com/images/portfolio/bitmusic.png]
[floriandambrine.com/portfolio/2014-08-ansible/index.html]
[floriandambrine.com/images/portfolio/legends-of-code2.jpg]
[floriandambrine.com/images/portfolio/vortex.png]
[floriandambrine.com/images/portfolio/lesartsdelagrimpe.png]
[floriandambrine.com/portfolio/index.html]
[floriandambrine.com/contact/index.html]
[floriandambrine.com/portfolio/2014-06-logstash/index.html]
[floriandambrine.com/portfolio/2014-05-jenkins-ci/index.html]
[floriandambrine.com/portfolio/2014-02-archeo-suite/index.html]
[floriandambrine.com/portfolio/2014-02-blog-v1/index.html]
[floriandambrine.com/portfolio/2014-01-bitmusic/index.html]
[floriandambrine.com/portfolio/2013-11-legend-of-code/index.html]
[floriandambrine.com/portfolio/2012-01-snecma-vortex/index.html]
[floriandambrine.com/portfolio/2010-07-les-arts-de-la-grimpe/index.html]
[floriandambrine.com/images/portfolio/ansible-meetup.jpg]
[floriandambrine.com/fr/index.html]
[floriandambrine.com/images/illustrations/dots-cyan.svg]
[floriandambrine.com/fr/contact/index.html]
[floriandambrine.com/fr/portfolio/2016-11-pritunl-multiregion-peering/index.html]
[floriandambrine.com/fr/portfolio/2016-10-tiad-speaker/index.html]
[floriandambrine.com/images/illustrations/leaf-orange.svg]
[floriandambrine.com/fr/portfolio/2016-03-ansible-continuous-integration/index.html]
[floriandambrine.com/fr/portfolio/2015-12-ansible-security-with-vault/index.html]
[floriandambrine.com/fr/portfolio/2015-07-ansible-meetup/index.html]
[floriandambrine.com/fr/portfolio/2015-07-cassandra-multiregion/index.html]
[floriandambrine.com/fr/portfolio/2015-03-fluentd-realtime/index.html]
[floriandambrine.com/fr/portfolio/2015-01-blog-v2/index.html]
[floriandambrine.com/images/illustrations/dots-orange.svg]
[floriandambrine.com/fr/portfolio/2014-10-icinga2/index.html]
[floriandambrine.com/fr/blog/2020-09-14-ops-talks/index.html]
[floriandambrine.com/fr/blog/2019-12-09-kafka-lag-reporting-at-scale/index.html]
[floriandambrine.com/images/illustrations/leaf-yellow.svg]
[floriandambrine.com/images/illustrations/leaf-cyan.svg]
[floriandambrine.com/images/illustrations/dots-group-orange.svg]
[floriandambrine.com/images/illustrations/leaf-pink-round.svg]
[floriandambrine.com/images/illustrations/leaf-cyan-2.svg]
[floriandambrine.com/portfolio/2016-11-pritunl-multiregion-peering/index.html]
[floriandambrine.com/portfolio/2016-10-tiad-speaker/index.html]
[floriandambrine.com/portfolio/2016-03-ansible-continuous-integration/index.html]
[floriandambrine.com/portfolio/2015-12-ansible-security-with-vault/index.html]
[floriandambrine.com/portfolio/2015-07-ansible-meetup/index.html]
[floriandambrine.com/portfolio/2015-07-cassandra-multiregion/index.html]
[floriandambrine.com/portfolio/2015-03-fluentd-realtime/index.html]
[floriandambrine.com/portfolio/2015-01-blog-v2/index.html]
[floriandambrine.com/portfolio/2014-10-icinga2/index.html]
[floriandambrine.com/blog/2020-09-14-ops-talks/index.html]
[floriandambrine.com/blog/2019-12-09-kafka-lag-reporting-at-scale.en-copy/index.html]
[floriandambrine.com/plugins/word-typing.js]
[floriandambrine.com/plugins/themify-icons/fonts/themify9f24.svg]
[floriandambrine.com/fr/about/index.html]
[floriandambrine.com/images/illustrations/dots-group-sm.svg]
[floriandambrine.com/images/illustrations/dots-group-cyan.svg]
[floriandambrine.com/images/illustrations/leaf-cyan-lg.svg]
[floriandambrine.com/fr/blog/index.html]
[floriandambrine.com/fr/portfolio/index.html]
[floriandambrine.com/portfolio/2014-08-ansible/index.html]
[floriandambrine.com/portfolio/2014-06-logstash/index.html]
[floriandambrine.com/fr/portfolio/2014-08-ansible/index.html]
[floriandambrine.com/portfolio/2014-05-jenkins-ci/index.html]
[floriandambrine.com/fr/portfolio/2014-06-logstash/index.html]
[floriandambrine.com/portfolio/2014-02-archeo-suite/index.html]
[floriandambrine.com/fr/portfolio/2014-05-jenkins-ci/index.html]
[floriandambrine.com/portfolio/2014-02-blog-v1/index.html]
[floriandambrine.com/fr/portfolio/2014-02-archeo-suite/index.html]
[floriandambrine.com/portfolio/2014-01-bitmusic/index.html]
[floriandambrine.com/fr/portfolio/2014-02-blog-v1/index.html]
[floriandambrine.com/portfolio/2013-11-legend-of-code/index.html]
[floriandambrine.com/fr/portfolio/2014-01-bitmusic/index.html]
[floriandambrine.com/portfolio/2012-01-snecma-vortex/index.html]
[floriandambrine.com/fr/portfolio/2013-11-legend-of-code/index.html]
[floriandambrine.com/portfolio/2010-07-les-arts-de-la-grimpe/index.html]
[floriandambrine.com/fr/portfolio/2012-01-snecma-vortex/index.html]
[floriandambrine.com/fr/portfolio/2010-07-les-arts-de-la-grimpe/index.html]
[floriandambrine.com/fr/contact/index.html]
[floriandambrine.com/fr/portfolio/2016-11-pritunl-multiregion-peering/index.html]
[floriandambrine.com/fr/portfolio/2016-10-tiad-speaker/index.html]
[floriandambrine.com/fr/portfolio/2016-03-ansible-continuous-integration/index.html]
[floriandambrine.com/fr/portfolio/2015-12-ansible-security-with-vault/index.html]
[floriandambrine.com/fr/portfolio/2015-07-ansible-meetup/index.html]
[floriandambrine.com/fr/portfolio/2015-07-cassandra-multiregion/index.html]
[floriandambrine.com/fr/portfolio/2015-03-fluentd-realtime/index.html]
[floriandambrine.com/fr/portfolio/2015-01-blog-v2/index.html]
[floriandambrine.com/fr/portfolio/2014-10-icinga2/index.html]
[floriandambrine.com/fr/blog/2020-09-14-ops-talks/index.html]
[floriandambrine.com/fr/blog/2019-12-09-kafka-lag-reporting-at-scale/index.html]
[floriandambrine.com/fr/portfolio/2014-08-ansible/index.html]
[floriandambrine.com/fr/portfolio/2014-06-logstash/index.html]
[floriandambrine.com/fr/portfolio/2014-05-jenkins-ci/index.html]
[floriandambrine.com/fr/portfolio/2014-02-archeo-suite/index.html]
[floriandambrine.com/fr/portfolio/2014-02-blog-v1/index.html]
[floriandambrine.com/fr/portfolio/2014-01-bitmusic/index.html]
[floriandambrine.com/fr/portfolio/2013-11-legend-of-code/index.html]
[floriandambrine.com/fr/portfolio/2012-01-snecma-vortex/index.html]
[floriandambrine.com/fr/portfolio/2010-07-les-arts-de-la-grimpe/index.html]
